I'm sorry, but errors were detected in your script. Please correct the
errors listed below, and try again.


File "game/script.rpy", line 41: Menu does not contain any choices.
    menu:
         ^

File "game/script.rpy", line 73: Menu does not contain any choices.
    menu:
         ^

Ren'Py Version: Ren'Py 8.3.0.24082114
Wed Aug 28 21:37:45 2024
